###############################################################################
#
# IAR ELF Linker V9.10.2.313/W64 for ARM                  22/Jul/2021  22:25:12
# Copyright 2007-2021 IAR Systems AB.
#
#    Output file  =
#        C:\sofia\8periodo\sistemasEmbarcados\workspace\TM4C1294_RTOS_IAR9-main\Projects\prodcons\ewarm\Exe\prodcons.out
#    Map file     =
#        C:\sofia\8periodo\sistemasEmbarcados\workspace\TM4C1294_RTOS_IAR9-main\Projects\prodcons\ewarm\List\prodcons.map
#    Command line =
#        -f
#        C:\sofia\8periodo\sistemasEmbarcados\workspace\TM4C1294_RTOS_IAR9-main\Projects\prodcons\ewarm\Exe\prodcons.out.rsp
#        (C:\sofia\8periodo\sistemasEmbarcados\workspace\TM4C1294_RTOS_IAR9-main\Projects\prodcons\ewarm\Obj\driverbuttons.o
#        C:\sofia\8periodo\sistemasEmbarcados\workspace\TM4C1294_RTOS_IAR9-main\Projects\prodcons\ewarm\Obj\driverleds.o
#        C:\sofia\8periodo\sistemasEmbarcados\workspace\TM4C1294_RTOS_IAR9-main\TivaWare_C_Series-2.1.4.178\driverlib\ewarm\Exe\driverlib.a
#        C:\sofia\8periodo\sistemasEmbarcados\workspace\TM4C1294_RTOS_IAR9-main\Projects\prodcons\ewarm\Obj\prodcons.o
#        C:\sofia\8periodo\sistemasEmbarcados\workspace\TM4C1294_RTOS_IAR9-main\CMSIS-5.6.0\CMSIS\RTOS2\RTX\Library\IAR\IDE\CM4F\Exe\RTX_CM.a
#        C:\sofia\8periodo\sistemasEmbarcados\workspace\TM4C1294_RTOS_IAR9-main\Projects\prodcons\ewarm\Obj\RTX_Config.o
#        C:\sofia\8periodo\sistemasEmbarcados\workspace\TM4C1294_RTOS_IAR9-main\Projects\prodcons\ewarm\Obj\rtx_lib.o
#        C:\sofia\8periodo\sistemasEmbarcados\workspace\TM4C1294_RTOS_IAR9-main\Projects\prodcons\ewarm\Obj\startup_TM4C1294.o
#        C:\sofia\8periodo\sistemasEmbarcados\workspace\TM4C1294_RTOS_IAR9-main\Projects\prodcons\ewarm\Obj\system_TM4C1294_TW.o
#        --no_out_extension -o
#        C:\sofia\8periodo\sistemasEmbarcados\workspace\TM4C1294_RTOS_IAR9-main\Projects\prodcons\ewarm\Exe\prodcons.out
#        --map
#        C:\sofia\8periodo\sistemasEmbarcados\workspace\TM4C1294_RTOS_IAR9-main\Projects\prodcons\ewarm\List\prodcons.map
#        --config "C:\Program Files\IAR Systems\Embedded Workbench
#        9.0\arm\config\linker\TexasInstruments\TM4C1294NC.icf" --semihosting
#        --entry __iar_program_start --vfe --text_out locale)
#
###############################################################################

*******************************************************************************
*** RUNTIME MODEL ATTRIBUTES
***

CppFlavor       = *
__SystemLibrary = DLib
__dlib_version  = 6


*******************************************************************************
*** HEAP SELECTION
***

The basic heap was selected because some modules are built with
size limitations (and not runtime checking), and --advanced_heap
was not specified.


*******************************************************************************
*** PLACEMENT SUMMARY
***

"A0":  place at address 0x0 { ro section .intvec };
"P1":  place in [from 0x0 to 0xf'ffff] { ro };
define block CSTACK with size = 32K, alignment = 8 { };
define block HEAP with size = 64K, alignment = 8 { };
"P2":  place in [from 0x2000'0000 to 0x2003'ffff] {
          rw, block CSTACK, block HEAP };
initialize by copy { rw };

  Section               Kind         Address    Size  Object
  -------               ----         -------    ----  ------
"A0":                                          0x3c0
  .intvec               ro code          0x0   0x3c0  startup_TM4C1294.o [1]
                                     - 0x3c0   0x3c0

"P1":                                         0x28f5
  .text                 ro code        0x3c0   0x740  rtx_thread.o [2]
  .text                 ro code        0xb00     0x2  rtx_evr.o [2]
  .text                 ro code        0xb02     0x2  rtx_evr.o [2]
  .text                 ro code        0xb04     0x2  rtx_evr.o [2]
  .text                 ro code        0xb06     0x2  rtx_evr.o [2]
  .text                 ro code        0xb08     0x2  rtx_evr.o [2]
  .text                 ro code        0xb0a     0x2  rtx_evr.o [2]
  .text                 ro code        0xb0c     0x2  rtx_evr.o [2]
  .text                 ro code        0xb0e     0x2  rtx_evr.o [2]
  .text                 ro code        0xb10     0x2  rtx_evr.o [2]
  .text                 ro code        0xb12     0x2  rtx_evr.o [2]
  .text                 ro code        0xb14    0x28  rtx_thread.o [2]
  .text                 ro code        0xb3c     0x2  rtx_evr.o [2]
  .text                 ro code        0xb3e     0x2  rtx_evr.o [2]
  .text                 ro code        0xb40     0x2  rtx_evr.o [2]
  .text                 ro code        0xb42    0x3a  packbits_init_single.o [5]
  .text                 ro code        0xb7c    0xe6  rtx_mempool.o [2]
  .text                 ro code        0xc62     0x2  rtx_evr.o [2]
  .text                 ro code        0xc64    0x84  rtx_memory.o [2]
  .text                 ro code        0xce8     0x6  ABImemclr4.o [5]
  .text                 ro code        0xcee     0x2  rtx_evr.o [2]
  .text                 ro code        0xcf0    0x4a  rtx_memory.o [2]
  .text                 ro code        0xd3a     0x2  RTX_Config.o [1]
  .text                 ro code        0xd3c    0x52  rtx_mutex.o [2]
  .text                 ro code        0xd8e     0x2  rtx_evr.o [2]
  .text                 ro code        0xd90     0x2  rtx_evr.o [2]
  .text                 ro code        0xd92     0x2  rtx_evr.o [2]
  .text                 ro code        0xd94     0x2  rtx_evr.o [2]
  .text                 ro code        0xd96     0x2  RTX_Config.o [1]
  .text                 ro code        0xd98     0x2  rtx_evr.o [2]
  .text                 ro code        0xd9a     0x2  rtx_evr.o [2]
  .text                 ro code        0xd9c     0x2  rtx_evr.o [2]
  .text                 ro code        0xd9e     0x2  rtx_evr.o [2]
  .text                 ro code        0xda0    0x32  ABImemset48.o [5]
  .text                 ro code        0xdd2     0x2  rtx_evr.o [2]
  .text                 ro code        0xdd4     0x2  rtx_evr.o [2]
  .text                 ro code        0xdd6     0x2  rtx_evr.o [2]
  .text                 ro code        0xdd8   0x61c  rtx_msgqueue.o [2]
  .text                 ro code       0x13f4    0xa6  ABImemcpy.o [5]
  .text                 ro code       0x149a     0x2  rtx_evr.o [2]
  .text                 ro code       0x149c     0x2  rtx_evr.o [2]
  .text                 ro code       0x149e     0x2  rtx_evr.o [2]
  .text                 ro code       0x14a0     0x6  ABImemclr.o [5]
  .text                 ro code       0x14a6     0x2  rtx_evr.o [2]
  .text                 ro code       0x14a8     0x2  rtx_evr.o [2]
  .text                 ro code       0x14aa     0x2  rtx_evr.o [2]
  .text                 ro code       0x14ac     0x2  rtx_evr.o [2]
  .text                 ro code       0x14ae     0x2  rtx_evr.o [2]
  .text                 ro code       0x14b0     0x2  rtx_evr.o [2]
  .text                 ro code       0x14b2     0x2  rtx_evr.o [2]
  .text                 ro code       0x14b4   0x174  rtx_system.o [2]
  .text                 ro code       0x1628     0x2  rtx_evr.o [2]
  .text                 ro code       0x162a     0x2  rtx_evr.o [2]
  .text                 ro code       0x162c    0x5e  ABImemset.o [5]
  .text                 ro code       0x168a     0x2  startup_TM4C1294.o [1]
  .text                 ro code       0x168c     0xc  os_systick.o [2]
  .text                 ro code       0x1698   0x330  rtx_semaphore.o [2]
  .text                 ro code       0x19c8     0x2  rtx_evr.o [2]
  .text                 ro code       0x19ca     0x2  rtx_evr.o [2]
  .text                 ro code       0x19cc     0x2  rtx_evr.o [2]
  .text                 ro code       0x19ce     0x2  rtx_evr.o [2]
  .text                 ro code       0x19d0     0x2  rtx_evr.o [2]
  .text                 ro code       0x19d2     0x2  rtx_evr.o [2]
  .text                 ro code       0x19d4     0x2  rtx_evr.o [2]
  .text                 ro code       0x19d6     0x2  rtx_evr.o [2]
  .text                 ro code       0x19d8     0x2  rtx_evr.o [2]
  .text                 ro code       0x19dc   0x2c8  rtx_kernel.o [2]
  .text                 ro code       0x1ca4     0x2  rtx_evr.o [2]
  .text                 ro code       0x1ca6    0x44  rtx_memory.o [2]
  .text                 ro code       0x1cea     0x2  rtx_evr.o [2]
  .text                 ro code       0x1cec     0x2  rtx_evr.o [2]
  .text                 ro code       0x1cf0    0x40  os_systick.o [2]
  .text                 ro code       0x1d30     0x6  os_systick.o [2]
  .text                 ro code       0x1d38    0x2c  os_systick.o [2]
  .text                 ro code       0x1d64     0x2  rtx_evr.o [2]
  .text                 ro code       0x1d66     0x2  rtx_lib.o [1]
  .text                 ro code       0x1d68     0x2  rtx_evr.o [2]
  .text                 ro code       0x1d6a     0x2  rtx_evr.o [2]
  .text                 ro code       0x1d6c     0x2  rtx_evr.o [2]
  .text                 ro code       0x1d6e     0x2  rtx_evr.o [2]
  .text                 ro code       0x1d70   0x2a0  sysctl.o [4]
  .text                 ro code       0x2010   0x24a  gpio.o [4]
  .text                 ro code       0x225c    0xa0  interrupt.o [4]
  .rodata               const         0x22fc   0x1b0  sysctl.o [4]
  .rodata               const         0x24ac   0x198  gpio.o [4]
  .text                 ro code       0x2644   0x134  driverleds.o [1]
  .text                 ro code       0x2778   0x108  prodcons.o [1]
  .text                 ro code       0x2880    0x2c  system_TM4C1294_TW.o [1]
  .text                 ro code       0x28ac    0xc4  irq_cm4f.o [2]
  .text                 ro code       0x2970    0x90  rtx_timer.o [2]
  .rodata               const         0x2a00    0x6c  sysctl.o [4]
  .rodata               const         0x2a6c    0x68  rtx_lib.o [1]
  .text                 ro code       0x2ad4    0x44  rtx_timer.o [2]
  .text                 ro code       0x2b18     0x2  rtx_evr.o [2]
  .text                 ro code       0x2b1a    0x38  zero_init3.o [5]
  .rodata               const         0x2b54    0x30  sysctl.o [4]
  .text                 ro code       0x2b84    0x28  data_init.o [5]
  .rodata               const         0x2bac    0x24  rtx_lib.o [1]
  .rodata               const         0x2bd0    0x24  rtx_lib.o [1]
  .iar.init_table       const         0x2bf4    0x20  - Linker created -
  .text                 ro code       0x2c14    0x1e  cmain.o [5]
  .text                 ro code       0x2c32     0x4  low_level_init.o [3]
  .text                 ro code       0x2c36     0x4  exit.o [3]
  .text                 ro code       0x2c3c     0xa  cexit.o [5]
  .text                 ro code       0x2c48    0x14  exit.o [6]
  .text                 ro code       0x2c5c    0x1c  cstartup_M.o [5]
  .text                 ro code       0x2c78    0x14  startup_TM4C1294.o [1]
  .rodata               const         0x2c8c    0x18  rtx_lib.o [1]
  .rodata               const         0x2ca4     0x4  rtx_lib.o [1]
  .rodata               const         0x2ca8     0x0  zero_init3.o [5]
  .rodata               const         0x2ca8     0x0  packbits_init_single.o [5]
  Initializer bytes     const         0x2ca8     0xd  <for P2-1>
                                    - 0x2cb5  0x28f5

"P2", part 1 of 3:                              0xa4
  P2-1                           0x2000'0000    0xa4  <Init block>
    .data.os            inited   0x2000'0000    0xa4  rtx_kernel.o [2]
                               - 0x2000'00a4    0xa4

"P2", part 2 of 3:                            0x1370
  .bss.os               zero     0x2000'00a8  0x1000  rtx_lib.o [1]
  .bss.os.thread.stack  zero     0x2000'10a8   0x100  rtx_lib.o [1]
  .bss.os.thread.stack  zero     0x2000'11a8   0x100  rtx_lib.o [1]
  .bss.os.msgqueue.mem  zero     0x2000'12a8    0x50  rtx_lib.o [1]
  .bss.os.thread.cb     zero     0x2000'12f8    0x44  rtx_lib.o [1]
  .bss.os.thread.cb     zero     0x2000'133c    0x44  rtx_lib.o [1]
  .bss.os               zero     0x2000'1380    0x40  rtx_lib.o [1]
  .bss.os.msgqueue.cb   zero     0x2000'13c0    0x34  rtx_lib.o [1]
  .bss                  zero     0x2000'13f4    0x1c  prodcons.o [1]
  .bss                  zero     0x2000'1410     0x1  os_systick.o [2]
                               - 0x2000'1411  0x136d

"P2", part 3 of 3:                            0x8270
  VTABLE                uninit   0x2000'1800   0x26c  interrupt.o [4]
  .noinit               uninit   0x2000'1a6c     0x4  system_TM4C1294_TW.o [1]
  CSTACK                         0x2000'1a70  0x8000  <Block>
    CSTACK              uninit   0x2000'1a70  0x8000  <Block tail>
                               - 0x2000'9a70  0x8270

Unused ranges:

         From           To      Size
         ----           --      ----
       0x2cb5     0xf'ffff  0xf'd34b
  0x2000'1414  0x2000'17ff     0x3ec
  0x2000'9a70  0x2003'ffff  0x3'6590


*******************************************************************************
*** INIT TABLE
***

          Address      Size
          -------      ----
Zero (__iar_zero_init3)
    1 destination range, total size 0x1369:
          0x2000'00a8  0x1369

Copy/packbits (__iar_packbits_init_single3)
    1 source range, total size 0xd (7% of destination):
               0x2ca8     0xd
    1 destination range, total size 0xa4:
          0x2000'0000    0xa4



*******************************************************************************
*** MODULE SUMMARY
***

    Module                  ro code  ro data  rw data
    ------                  -------  -------  -------
command line/config:
    -------------------------------------------------
    Total:

C:\sofia\8periodo\sistemasEmbarcados\workspace\TM4C1294_RTOS_IAR9-main\Projects\prodcons\ewarm\Obj: [1]
    RTX_Config.o                  4
    driverleds.o                308
    prodcons.o                  264                28
    rtx_lib.o                     2      204    4'940
    startup_TM4C1294.o          982
    system_TM4C1294_TW.o         44                 4
    -------------------------------------------------
    Total:                    1'604      204    4'972

RTX_CM.a: [2]
    irq_cm4f.o                  196
    os_systick.o                126                 1
    rtx_evr.o                   112
    rtx_kernel.o                712       13      164
    rtx_memory.o                274
    rtx_mempool.o               230
    rtx_msgqueue.o            1'564
    rtx_mutex.o                  82
    rtx_semaphore.o             816
    rtx_system.o                372
    rtx_thread.o              1'896
    rtx_timer.o                 212
    -------------------------------------------------
    Total:                    6'592       13      165

dl7M_tln.a: [3]
    exit.o                        4
    low_level_init.o              4
    -------------------------------------------------
    Total:                        8

driverlib.a: [4]
    gpio.o                      586      408
    interrupt.o                 160               620
    sysctl.o                    672      588
    -------------------------------------------------
    Total:                    1'418      996      620

rt7M_tl.a: [5]
    ABImemclr.o                   6
    ABImemclr4.o                  6
    ABImemcpy.o                 166
    ABImemset.o                  94
    ABImemset48.o                50
    cexit.o                      10
    cmain.o                      30
    cstartup_M.o                 28
    data_init.o                  40
    packbits_init_single.o       58
    zero_init3.o                 56
    -------------------------------------------------
    Total:                      544

shb_l.a: [6]
    exit.o                       20
    -------------------------------------------------
    Total:                       20

    Gaps                         12        2        4
    Linker created                        32   32'768
-----------------------------------------------------
    Grand Total:             10'198    1'247   38'529


*******************************************************************************
*** ENTRY LIST
***

Entry                       Address    Size  Type      Object
-----                       -------    ----  ----      ------
.iar.init_table$$Base        0x2bf4           --   Gb  - Linker created -
.iar.init_table$$Limit       0x2c14           --   Gb  - Linker created -
?main                        0x2c15          Code  Gb  cmain.o [5]
CSTACK$$Base            0x2000'1a70           --   Gb  - Linker created -
CSTACK$$Limit           0x2000'9a70           --   Gb  - Linker created -
EvrRtxDelayCompleted          0xb01     0x2  Code  Gb  rtx_evr.o [2]
EvrRtxEventFlagsWaitTimeout
                              0xb05     0x2  Code  Gb  rtx_evr.o [2]
EvrRtxKernelError            0x1ca5     0x2  Code  Gb  rtx_evr.o [2]
EvrRtxKernelGetState         0x1ced     0x2  Code  Gb  rtx_evr.o [2]
EvrRtxKernelGetTickCount
                             0x1d6d     0x2  Code  Gb  rtx_evr.o [2]
EvrRtxKernelInitialize       0x1d69     0x2  Code  Gb  rtx_evr.o [2]
EvrRtxKernelInitialized
                             0x1ceb     0x2  Code  Gb  rtx_evr.o [2]
EvrRtxKernelStart            0x1d6b     0x2  Code  Gb  rtx_evr.o [2]
EvrRtxKernelStarted          0x1d65     0x2  Code  Gb  rtx_evr.o [2]
EvrRtxMemoryAlloc             0xd9f     0x2  Code  Gb  rtx_evr.o [2]
EvrRtxMemoryBlockAlloc        0xd9b     0x2  Code  Gb  rtx_evr.o [2]
EvrRtxMemoryBlockFree         0xd9d     0x2  Code  Gb  rtx_evr.o [2]
EvrRtxMemoryBlockInit         0xd99     0x2  Code  Gb  rtx_evr.o [2]
EvrRtxMemoryFree              0xdd3     0x2  Code  Gb  rtx_evr.o [2]
EvrRtxMemoryInit             0x1d6f     0x2  Code  Gb  rtx_evr.o [2]
EvrRtxMemoryPoolAllocTimeout
                              0xb0b     0x2  Code  Gb  rtx_evr.o [2]
EvrRtxMessageQueueCreated
                             0x14a7     0x2  Code  Gb  rtx_evr.o [2]
EvrRtxMessageQueueError
                             0x149f     0x2  Code  Gb  rtx_evr.o [2]
EvrRtxMessageQueueGet        0x162b     0x2  Code  Gb  rtx_evr.o [2]
EvrRtxMessageQueueGetPending
                             0x14ad     0x2  Code  Gb  rtx_evr.o [2]
EvrRtxMessageQueueGetTimeout
                              0xb0d     0x2  Code  Gb  rtx_evr.o [2]
EvrRtxMessageQueueInsertPending
                             0x1629     0x2  Code  Gb  rtx_evr.o [2]
EvrRtxMessageQueueInserted
                             0x149b     0x2  Code  Gb  rtx_evr.o [2]
EvrRtxMessageQueueNew        0x14b1     0x2  Code  Gb  rtx_evr.o [2]
EvrRtxMessageQueueNotInserted
                             0x14ab     0x2  Code  Gb  rtx_evr.o [2]
EvrRtxMessageQueueNotRetrieved
                             0x14af     0x2  Code  Gb  rtx_evr.o [2]
EvrRtxMessageQueuePut        0x14b3     0x2  Code  Gb  rtx_evr.o [2]
EvrRtxMessageQueuePutPending
                             0x14a9     0x2  Code  Gb  rtx_evr.o [2]
EvrRtxMessageQueuePutTimeout
                              0xb0f     0x2  Code  Gb  rtx_evr.o [2]
EvrRtxMessageQueueRetrieved
                             0x149d     0x2  Code  Gb  rtx_evr.o [2]
EvrRtxMutexAcquireTimeout
                              0xb07     0x2  Code  Gb  rtx_evr.o [2]
EvrRtxMutexAcquired           0xdd7     0x2  Code  Gb  rtx_evr.o [2]
EvrRtxMutexReleased           0xdd5     0x2  Code  Gb  rtx_evr.o [2]
EvrRtxSemaphoreAcquire       0x19d7     0x2  Code  Gb  rtx_evr.o [2]
EvrRtxSemaphoreAcquirePending
                             0x19cf     0x2  Code  Gb  rtx_evr.o [2]
EvrRtxSemaphoreAcquireTimeout
                              0xb09     0x2  Code  Gb  rtx_evr.o [2]
EvrRtxSemaphoreAcquired
                             0x19c9     0x2  Code  Gb  rtx_evr.o [2]
EvrRtxSemaphoreCreated       0x19cb     0x2  Code  Gb  rtx_evr.o [2]
EvrRtxSemaphoreError         0x19cd     0x2  Code  Gb  rtx_evr.o [2]
EvrRtxSemaphoreNew           0x19d5     0x2  Code  Gb  rtx_evr.o [2]
EvrRtxSemaphoreNotAcquired
                             0x19d1     0x2  Code  Gb  rtx_evr.o [2]
EvrRtxSemaphoreRelease       0x19d9     0x2  Code  Gb  rtx_evr.o [2]
EvrRtxSemaphoreReleased
                             0x19d3     0x2  Code  Gb  rtx_evr.o [2]
EvrRtxThreadBlocked           0xb3f     0x2  Code  Gb  rtx_evr.o [2]
EvrRtxThreadCreated           0xcef     0x2  Code  Gb  rtx_evr.o [2]
EvrRtxThreadDestroyed         0xd91     0x2  Code  Gb  rtx_evr.o [2]
EvrRtxThreadError             0xc63     0x2  Code  Gb  rtx_evr.o [2]
EvrRtxThreadExit              0xd95     0x2  Code  Gb  rtx_evr.o [2]
EvrRtxThreadFlagsWaitCompleted
                              0xb41     0x2  Code  Gb  rtx_evr.o [2]
EvrRtxThreadFlagsWaitTimeout
                              0xb03     0x2  Code  Gb  rtx_evr.o [2]
EvrRtxThreadJoined            0xd8f     0x2  Code  Gb  rtx_evr.o [2]
EvrRtxThreadNew               0xd93     0x2  Code  Gb  rtx_evr.o [2]
EvrRtxThreadPreempted         0xb13     0x2  Code  Gb  rtx_evr.o [2]
EvrRtxThreadSwitched          0xb3d     0x2  Code  Gb  rtx_evr.o [2]
EvrRtxThreadUnblocked         0xb11     0x2  Code  Gb  rtx_evr.o [2]
EvrRtxTimerCallback          0x2b19     0x2  Code  Gb  rtx_evr.o [2]
GPIODirModeSet               0x204f    0x28  Code  Gb  gpio.o [4]
GPIOIntClear                 0x21d1     0x8  Code  Gb  gpio.o [4]
GPIOIntDisable               0x21cb     0x6  Code  Gb  gpio.o [4]
GPIOIntEnable                0x21c5     0x6  Code  Gb  gpio.o [4]
GPIOIntRegister              0x21d9    0x14  Code  Gb  gpio.o [4]
GPIOIntTypeSet               0x2077    0x4c  Code  Gb  gpio.o [4]
GPIOJ_Handler                0x2779    0x3e  Code  Gb  prodcons.o [1]
GPIOPadConfigSet             0x20c3   0x102  Code  Gb  gpio.o [4]
GPIOPinTypeGPIOInput         0x2201    0x14  Code  Gb  gpio.o [4]
GPIOPinTypeGPIOOutput        0x2215     0xa  Code  Gb  gpio.o [4]
GPIOPinWrite                 0x21f5     0x8  Code  Gb  gpio.o [4]
IntEnable                    0x2285    0x52  Code  Gb  interrupt.o [4]
IntRegister                  0x225d    0x28  Code  Gb  interrupt.o [4]
LEDInit                      0x2645    0xac  Code  Gb  driverleds.o [1]
LEDWrite                     0x270f    0x58  Code  Gb  driverleds.o [1]
MessageQueueGet               0xe25    0x40  Code  Lc  rtx_msgqueue.o [2]
MessageQueuePut               0xdd9    0x4a  Code  Lc  rtx_msgqueue.o [2]
MessageQueueRemove            0xe65    0x1a  Code  Lc  rtx_msgqueue.o [2]
OS_Tick_AcknowledgeIRQ       0x168d     0xc  Code  Gb  os_systick.o [2]
OS_Tick_Enable               0x1d39    0x2c  Code  Gb  os_systick.o [2]
OS_Tick_GetIRQn              0x1d31     0x6  Code  Gb  os_systick.o [2]
OS_Tick_Setup                0x1cf1    0x40  Code  Gb  os_systick.o [2]
PendST                  0x2000'1410     0x1  Data  Lc  os_systick.o [2]
PendSV_Handler               0x2945          Code  Gb  irq_cm4f.o [2]
Region$$Table$$Base          0x2bf4           --   Gb  - Linker created -
Region$$Table$$Limit         0x2c14           --   Gb  - Linker created -
SVC_Handler                  0x28ad          Code  Gb  irq_cm4f.o [2]
SysCtlClockFreqSet           0x1dd3   0x1fc  Code  Gb  sysctl.o [4]
SysCtlPeripheralEnable       0x1db5     0x8  Code  Gb  sysctl.o [4]
SysCtlPeripheralReady        0x1d93     0x8  Code  Gb  sysctl.o [4]
SysTick_Handler              0x2955          Code  Gb  irq_cm4f.o [2]
SystemCoreClock         0x2000'1a6c     0x4  Data  Gb  system_TM4C1294_TW.o [1]
SystemInit                   0x2881    0x1a  Code  Gb  system_TM4C1294_TW.o [1]
ThreadFlagsCheck              0x3c1    0x6c  Code  Lc  rtx_thread.o [2]
TimerInsert                  0x2971    0x38  Code  Lc  rtx_timer.o [2]
_GPIOIntNumberGet            0x2011    0x3e  Code  Lc  gpio.o [4]
_SysCtlMemTimingGet          0x1d71    0x22  Code  Lc  sysctl.o [4]
__Vectors                       0x0           --   Gb  startup_TM4C1294.o [1]
__Vectors_End                 0x3c0          Data  Gb  startup_TM4C1294.o [1]
__Vectors_Size {Abs}          0x3c0           --   Gb  startup_TM4C1294.o [1]
__aeabi_memclr               0x14a1          Code  Gb  ABImemclr.o [5]
__aeabi_memclr4               0xce9          Code  Gb  ABImemclr4.o [5]
__aeabi_memcpy               0x13f5          Code  Gb  ABImemcpy.o [5]
__aeabi_memcpy4              0x1415          Code  Gb  ABImemcpy.o [5]
__aeabi_memcpy8              0x1415          Code  Gb  ABImemcpy.o [5]
__cmain                      0x2c15          Code  Gb  cmain.o [5]
__exit                       0x2c49    0x14  Code  Gb  exit.o [6]
__iar_Memset4_word            0xda1          Code  Gb  ABImemset48.o [5]
__iar_Memset8_word            0xda1          Code  Gb  ABImemset48.o [5]
__iar_Memset_word            0x162d          Code  Gb  ABImemset.o [5]
__iar_data_init3             0x2b85    0x28  Code  Gb  data_init.o [5]
__iar_init_vfp               0x2c81          Code  Wk  startup_TM4C1294.o [1]
__iar_packbits_init_single3
                              0xb43    0x3a  Code  Gb  packbits_init_single.o [5]
__iar_program_start          0x2c5d          Code  Gb  cstartup_M.o [5]
__iar_zero_init3             0x2b1b    0x38  Code  Gb  zero_init3.o [5]
__low_level_init             0x2c33     0x4  Code  Gb  low_level_init.o [3]
__vector_table                  0x0          Data  Gb  startup_TM4C1294.o [1]
__vector_table_0x1c            0x1c          Data  Gb  startup_TM4C1294.o [1]
_call_main                   0x2c21          Code  Gb  cmain.o [5]
_exit                        0x2c3d          Code  Gb  cexit.o [5]
buffer                  0x2000'13f4     0x8  Data  Gb  prodcons.o [1]
cheio_id                0x2000'1400     0x4  Data  Gb  prodcons.o [1]
consumidor                   0x27b7    0x1e  Code  Gb  prodcons.o [1]
consumidor_id           0x2000'13fc     0x4  Data  Gb  prodcons.o [1]
contador                0x2000'1408     0x4  Data  Gb  prodcons.o [1]
exit                         0x2c37     0x4  Code  Gb  exit.o [3]
g_pfnRAMVectors         0x2000'1800   0x26c  Data  Lc  interrupt.o [4]
g_pppui32XTALtoVCO           0x22fc   0x1b0  Data  Lc  sysctl.o [4]
g_ppui32GPIOIntMapBlizzard
                             0x24ac    0xc0  Data  Lc  gpio.o [4]
g_ppui32GPIOIntMapSnowflake
                             0x256c    0xd8  Data  Lc  gpio.o [4]
g_pui32EnRegs                0x22e8    0x14  Data  Lc  interrupt.o [4]
g_pui32VCOFrequencies        0x2008     0x8  Data  Lc  sysctl.o [4]
g_pui32Xtals                 0x2a00    0x6c  Data  Lc  sysctl.o [4]
g_sXTALtoMEMTIM              0x2b54    0x30  Data  Lc  sysctl.o [4]
initLed                      0x2817    0x56  Code  Gb  prodcons.o [1]
main                         0x27d5    0x42  Code  Gb  prodcons.o [1]
osKernelGetState             0x1bd9    0x40  Code  Gb  rtx_kernel.o [2]
osKernelGetTickCount         0x1c4d    0x20  Code  Gb  rtx_kernel.o [2]
osKernelInitialize           0x1ba1    0x38  Code  Gb  rtx_kernel.o [2]
osKernelStart                0x1c19    0x34  Code  Gb  rtx_kernel.o [2]
osMessageQueueGet            0x1351    0x90  Code  Gb  rtx_msgqueue.o [2]
osMessageQueueNew            0x1279    0x3e  Code  Gb  rtx_msgqueue.o [2]
osMessageQueuePut            0x12b9    0x98  Code  Gb  rtx_msgqueue.o [2]
osRtxConfig                  0x2a6c    0x68  Data  Gb  rtx_lib.o [1]
osRtxErrorNotify              0xd97     0x2  Code  Gb  RTX_Config.o [1]
osRtxIdleThread               0xd3b     0x2  Code  Gb  RTX_Config.o [1]
osRtxInfo               0x2000'0000    0xa4  Data  Gb  rtx_kernel.o [2]
osRtxKernelPreInit           0x1d67     0x2  Code  Gb  rtx_lib.o [1]
osRtxMemoryAlloc              0xc65    0x84  Code  Gb  rtx_memory.o [2]
osRtxMemoryFree               0xcf1    0x4a  Code  Gb  rtx_memory.o [2]
osRtxMemoryInit              0x1ca7    0x44  Code  Gb  rtx_memory.o [2]
osRtxMemoryPoolAlloc          0xbc9    0x44  Code  Gb  rtx_mempool.o [2]
osRtxMemoryPoolFree           0xc0d    0x56  Code  Gb  rtx_mempool.o [2]
osRtxMemoryPoolInit           0xb7d    0x4a  Code  Gb  rtx_mempool.o [2]
osRtxMessageQueuePostProcess
                              0xe7f    0xe6  Code  Lc  rtx_msgqueue.o [2]
osRtxMutexOwnerRelease        0xd3d    0x52  Code  Gb  rtx_mutex.o [2]
osRtxPendSV_Handler          0x1525    0x8a  Code  Gb  rtx_system.o [2]
osRtxPostProcess             0x15b1    0x6e  Code  Gb  rtx_system.o [2]
osRtxSemaphorePostProcess
                             0x1699    0x42  Code  Lc  rtx_semaphore.o [2]
osRtxThreadBlock              0x629    0x34  Code  Lc  rtx_thread.o [2]
osRtxThreadDelayInsert        0x481    0x62  Code  Lc  rtx_thread.o [2]
osRtxThreadDelayRemove        0x4e3    0x44  Code  Lc  rtx_thread.o [2]
osRtxThreadDelayTick          0x527    0xee  Code  Gb  rtx_thread.o [2]
osRtxThreadDispatch           0x679    0x54  Code  Gb  rtx_thread.o [2]
osRtxThreadFree               0x967    0x56  Code  Lc  rtx_thread.o [2]
osRtxThreadListGet            0x44f    0x14  Code  Gb  rtx_thread.o [2]
osRtxThreadListPut            0x42d    0x22  Code  Gb  rtx_thread.o [2]
osRtxThreadListRemove         0x463    0x16  Code  Gb  rtx_thread.o [2]
osRtxThreadPostProcess        0x741    0x54  Code  Lc  rtx_thread.o [2]
osRtxThreadReadyPut           0x479     0x8  Code  Gb  rtx_thread.o [2]
osRtxThreadRegPtr             0x615    0x14  Code  Gb  rtx_thread.o [2]
osRtxThreadStackCheck         0xb15    0x28  Code  Gb  rtx_thread.o [2]
osRtxThreadStartup            0xa51    0x30  Code  Gb  rtx_thread.o [2]
osRtxThreadSwitch             0x65d    0x1c  Code  Gb  rtx_thread.o [2]
osRtxThreadWaitEnter          0x707    0x3a  Code  Gb  rtx_thread.o [2]
osRtxThreadWaitExit           0x6d3    0x2e  Code  Gb  rtx_thread.o [2]
osRtxTick_Handler            0x14b5    0x6e  Code  Gb  rtx_system.o [2]
osRtxTimerThread             0x2ad5    0x44  Code  Gb  rtx_timer.o [2]
osRtxTimerTick               0x29a9    0x54  Code  Lc  rtx_timer.o [2]
osRtxUserSVC                 0x2ca4     0x4  Data  Gb  rtx_lib.o [1]
osSemaphoreAcquire           0x18a9    0x7e  Code  Gb  rtx_semaphore.o [2]
osSemaphoreNew               0x1869    0x3e  Code  Gb  rtx_semaphore.o [2]
osSemaphoreRelease           0x1929    0x8a  Code  Gb  rtx_semaphore.o [2]
osThreadExit                  0xacd    0x16  Code  Gb  rtx_thread.o [2]
osThreadNew                   0xa85    0x40  Code  Gb  rtx_thread.o [2]
os_idle_thread_attr          0x2bac    0x24  Data  Lc  rtx_lib.o [1]
os_idle_thread_cb       0x2000'12f8    0x44  Data  Lc  rtx_lib.o [1]
os_idle_thread_stack    0x2000'10a8   0x100  Data  Lc  rtx_lib.o [1]
os_isr_queue            0x2000'1380    0x40  Data  Lc  rtx_lib.o [1]
os_mem                  0x2000'00a8  0x1000  Data  Lc  rtx_lib.o [1]
os_timer_mq_attr             0x2c8c    0x18  Data  Lc  rtx_lib.o [1]
os_timer_mq_cb          0x2000'13c0    0x34  Data  Lc  rtx_lib.o [1]
os_timer_mq_data        0x2000'12a8    0x50  Data  Lc  rtx_lib.o [1]
os_timer_thread_attr         0x2bd0    0x24  Data  Lc  rtx_lib.o [1]
os_timer_thread_cb      0x2000'133c    0x44  Data  Lc  rtx_lib.o [1]
os_timer_thread_stack   0x2000'11a8   0x100  Data  Lc  rtx_lib.o [1]
svcRtxKernelGetState         0x1af3    0x12  Code  Lc  rtx_kernel.o [2]
svcRtxKernelGetTickCount
                             0x1b9b     0x4  Code  Lc  rtx_kernel.o [2]
svcRtxKernelInitialize       0x19dd   0x116  Code  Lc  rtx_kernel.o [2]
svcRtxKernelStart            0x1b05    0x96  Code  Lc  rtx_kernel.o [2]
svcRtxMessageQueueGet        0x1169    0xe8  Code  Lc  rtx_msgqueue.o [2]
svcRtxMessageQueueNew         0xf65   0x130  Code  Lc  rtx_msgqueue.o [2]
svcRtxMessageQueuePut        0x1095    0xd4  Code  Lc  rtx_msgqueue.o [2]
svcRtxSemaphoreAcquire       0x1775    0x6e  Code  Lc  rtx_semaphore.o [2]
svcRtxSemaphoreNew           0x16db    0x98  Code  Lc  rtx_semaphore.o [2]
svcRtxSemaphoreRelease       0x17e5    0x70  Code  Lc  rtx_semaphore.o [2]
svcRtxThreadExit              0x9bd    0x8e  Code  Lc  rtx_thread.o [2]
svcRtxThreadNew               0x795   0x1cc  Code  Lc  rtx_thread.o [2]
tickAnterior            0x2000'140c     0x4  Data  Gb  prodcons.o [1]
vazio_id                0x2000'1404     0x4  Data  Gb  prodcons.o [1]


[1] = C:\sofia\8periodo\sistemasEmbarcados\workspace\TM4C1294_RTOS_IAR9-main\Projects\prodcons\ewarm\Obj
[2] = RTX_CM.a
[3] = dl7M_tln.a
[4] = driverlib.a
[5] = rt7M_tl.a
[6] = shb_l.a

  10'198 bytes of readonly  code memory
   1'247 bytes of readonly  data memory
  38'529 bytes of readwrite data memory

Errors: none
Warnings: none
